------------------------------------------------------------
TimeQuest Timing Analyzer Summary
------------------------------------------------------------

Type  : Slow 1100mV 85C Model Setup 'button[0]'
Slack : -3.354
TNS   : -3.354

Type  : Slow 1100mV 85C Model Hold 'button[0]'
Slack : 1.199
TNS   : 0.000

Type  : Slow 1100mV 85C Model Minimum Pulse Width 'button[0]'
Slack : 0.170
TNS   : 0.000

Type  : Slow 1100mV 0C Model Setup 'button[0]'
Slack : -3.303
TNS   : -3.303

Type  : Slow 1100mV 0C Model Hold 'button[0]'
Slack : 1.091
TNS   : 0.000

Type  : Slow 1100mV 0C Model Minimum Pulse Width 'button[0]'
Slack : 0.157
TNS   : 0.000

Type  : Fast 1100mV 85C Model Setup 'button[0]'
Slack : -2.318
TNS   : -2.318

Type  : Fast 1100mV 85C Model Hold 'button[0]'
Slack : 0.792
TNS   : 0.000

Type  : Fast 1100mV 85C Model Minimum Pulse Width 'button[0]'
Slack : -0.034
TNS   : -0.108

Type  : Fast 1100mV 0C Model Setup 'button[0]'
Slack : -2.092
TNS   : -2.092

Type  : Fast 1100mV 0C Model Hold 'button[0]'
Slack : 0.651
TNS   : 0.000

Type  : Fast 1100mV 0C Model Minimum Pulse Width 'button[0]'
Slack : -0.039
TNS   : -0.150

------------------------------------------------------------
